// Jest Snapshot v1, https://goo.gl/fbAQLP

exports[`FoodOptions component should render 1`] = `
.c3 {
  background-color: #348841;
  border: 0;
  border-radius: 5px;
  color: white;
  cursor: pointer;
  padding: 1rem;
  min-width: 68px;
}

.c4 {
  background-color: white;
  border: 1px solid #348841;
  color: #348841;
}

.c5 {
  background-color: #EB5757;
}

.c0 {
  background-color: white;
  border-top: 1px solid #B2B2B2;
  bottom: 0;
  left: 0;
  padding: 1.5rem;
  position: fixed;
  right: 0;
  z-index: 200;
}

.c1 {
  display: grid;
  grid-column-gap: 1rem;
  grid-template-columns: 1fr max-content max-content;
  margin: 0 auto;
  width: 18rem;
}

.c2 {
  font-size: 1.35rem;
}

<div
  class="c0"
  data-testid="foodOptions"
>
  <div
    class="c1"
  >
    <p
      class="c2"
    >
      Carrot
      :
    </p>
    <button
      class="c3 c4"
      type="button"
    >
      Amend
    </button>
    <button
      class="c3 c5"
      type="button"
    >
      Delete
    </button>
  </div>
</div>
`;
