// Jest Snapshot v1, https://goo.gl/fbAQLP

exports[`DisposeFood component should render 1`] = `
.c1 {
  background-color: #348841;
  border: 0;
  border-radius: 5px;
  color: white;
  cursor: pointer;
  padding: 1rem;
  min-width: 68px;
}

.c2 {
  background-color: white;
  border: 1px solid #348841;
  color: #348841;
}

.c0 {
  background-color: white;
  border-top: 1px solid #B2B2B2;
  bottom: 0;
  display: -webkit-box;
  display: -webkit-flex;
  display: -ms-flexbox;
  display: flex;
  -webkit-box-pack: space-evenly;
  -webkit-justify-content: space-evenly;
  -ms-flex-pack: space-evenly;
  justify-content: space-evenly;
  left: 0;
  padding: 1.5rem 0;
  position: fixed;
  right: 0;
}

<div
  class="c0"
  data-testid="disposeFood"
>
  <button
    class="c1 c2"
    type="button"
  >
    Edit servings
  </button>
  <button
    class="c1"
    type="button"
  >
    Eat all 
    carrot
    's
  </button>
</div>
`;
