// Jest Snapshot v1, https://goo.gl/fbAQLP

exports[`PageProfile component should render 1`] = `
.c0 {
  background-color: red;
  height: 20px;
  width: 20px;
}

.c1 {
  background-color: blue;
  height: 20px;
  width: 20px;
}

.c2 {
  background-color: green;
  height: 20px;
  width: 20px;
}

.c3 {
  background-color: pink;
  height: 20px;
  width: 20px;
}

<div
  data-testid="pageProfile"
>
  <p>
    Welcome
    Dan
  </p>
  <p>
    Your email is:
    dan@gmail.com
  </p>
  <button
    data-testid="pageProfileButton"
    type="button"
  >
    Sign Out
  </button>
  <h2>
    Your Food Categories
  </h2>
  <table>
    <thead>
      <tr>
        <th>
          Category
        </th>
        <th>
          Colour
        </th>
        <th>
          Count
        </th>
        <th>
          Delete
        </th>
      </tr>
    </thead>
    <tbody>
      <tr>
        <td>
          meat
        </td>
        <td>
          <div
            class="c0"
          />
        </td>
        <td>
          2
        </td>
        <td>
          <button
            data-testid="profileCategoryDeleteButton0"
            style="cursor: pointer;"
            type="button"
          >
            <img
              alt="delete"
              src="delete.svg"
            />
          </button>
        </td>
      </tr>
      <tr>
        <td>
          fish
        </td>
        <td>
          <div
            class="c1"
          />
        </td>
        <td>
          0
        </td>
        <td>
          <button
            data-testid="profileCategoryDeleteButton1"
            style="cursor: pointer;"
            type="button"
          >
            <img
              alt="delete"
              src="delete.svg"
            />
          </button>
        </td>
      </tr>
      <tr>
        <td>
          vegetables
        </td>
        <td>
          <div
            class="c2"
          />
        </td>
        <td>
          1
        </td>
        <td>
          <button
            data-testid="profileCategoryDeleteButton2"
            style="cursor: pointer;"
            type="button"
          >
            <img
              alt="delete"
              src="delete.svg"
            />
          </button>
        </td>
      </tr>
      <tr>
        <td>
          snacks
        </td>
        <td>
          <div
            class="c3"
          />
        </td>
        <td>
          5
        </td>
        <td>
          <button
            data-testid="profileCategoryDeleteButton3"
            style="cursor: pointer;"
            type="button"
          >
            <img
              alt="delete"
              src="delete.svg"
            />
          </button>
        </td>
      </tr>
    </tbody>
  </table>
</div>
`;
