// Jest Snapshot v1, https://goo.gl/fbAQLP

exports[`PageProfile component should render 1`] = `
<div
  data-testid="pageProfile"
>
  <p>
    Welcome
    Dan
  </p>
  <p>
    Your email is:
    dan@gmail.com
  </p>
  <button
    data-testid="pageProfileButton"
    type="button"
  >
    Sign Out
  </button>
  <h2>
    Your Food Categories
  </h2>
  <table>
    <thead>
      <tr>
        <th>
          Category
        </th>
        <th>
          Colour
        </th>
      </tr>
    </thead>
    <tbody />
  </table>
</div>
`;
