// Jest Snapshot v1, https://goo.gl/fbAQLP

exports[`EditFoodServings component should render 1`] = `
.c4 {
  background-color: #348841;
  border: 0;
  border-radius: 5px;
  color: white;
  cursor: pointer;
  padding: 1rem;
  min-width: 68px;
}

.c5 {
  background-color: white;
  border: 1px solid #348841;
  color: #348841;
}

.c10 {
  border-radius: 50%;
  height: auto;
  width: 50px;
}

.c0 {
  display: -webkit-box;
  display: -webkit-flex;
  display: -ms-flexbox;
  display: flex;
  -webkit-flex-direction: column;
  -ms-flex-direction: column;
  flex-direction: column;
}

.c1 {
  font-weight: normal;
  margin: 0 0 1.5rem;
}

.c2 {
  margin: 0 0 2rem;
  padding: 0;
  list-style: none;
}

.c3 {
  -webkit-align-items: center;
  -webkit-box-align: center;
  -ms-flex-align: center;
  align-items: center;
  border-bottom: 1px solid #E5E5E5;
  display: -webkit-box;
  display: -webkit-flex;
  display: -ms-flexbox;
  display: flex;
  padding: 1rem 0;
}

.c3:first-child {
  border-top: 1px solid #E5E5E5;
}

.c6 {
  color: #EB5757;
  margin: 0 0 0 1rem;
}

.c8 {
  color: #FCBA3B;
  margin: 0 0 0 1rem;
}

.c9 {
  color: #348841;
  margin: 0 0 0 1rem;
}

.c7 {
  -webkit-align-items: center;
  -webkit-box-align: center;
  -ms-flex-align: center;
  align-items: center;
  background: none;
  border: 1px solid red;
  cursor: pointer;
  display: -webkit-box;
  display: -webkit-flex;
  display: -ms-flexbox;
  display: flex;
  -webkit-box-pack: center;
  -webkit-justify-content: center;
  -ms-flex-pack: center;
  justify-content: center;
  padding: 1rem;
}

<div
  class="c0"
>
  <h4
    class="c1"
  >
    How many 
    carrot
     servings are you eating?
  </h4>
  <ul
    class="c2"
  >
    <li
      class="c3"
    >
      <button
        class="c4 c5"
        type="button"
      >
        <span
          class="c6"
        >
          Expires in 
          0 seconds
        </span>
      </button>
      <button
        class="c7"
        type="button"
      >
        <img
          alt="delete"
          src="delete.svg"
        />
      </button>
    </li>
    <li
      class="c3"
    >
      <button
        class="c4 c5"
        type="button"
      >
        <span
          class="c8"
        >
          Expires in 
          2 days
        </span>
      </button>
      <button
        class="c7"
        type="button"
      >
        <img
          alt="delete"
          src="delete.svg"
        />
      </button>
    </li>
    <li
      class="c3"
    >
      <button
        class="c4 c5"
        type="button"
      >
        <span
          class="c8"
        >
          Expires in 
          2 days
        </span>
      </button>
      <button
        class="c7"
        type="button"
      >
        <img
          alt="delete"
          src="delete.svg"
        />
      </button>
    </li>
    <li
      class="c3"
    >
      <button
        class="c4 c5"
        type="button"
      >
        <span
          class="c9"
        >
          Expires in 
          5 days
        </span>
      </button>
      <img
        alt="profile"
        class="c10"
        data-testid="photo"
        src="https://lh3.googleusercontent.com/a-/AOh14Gi6ZcKd1ClkJqBEEP114ZJ07XWJfQLKJKL6apgFgQ"
        width="50px"
      />
      <button
        class="c7"
        type="button"
      >
        <img
          alt="delete"
          src="delete.svg"
        />
      </button>
    </li>
    <li
      class="c3"
    >
      <button
        class="c4 c5"
        type="button"
      >
        <span
          class="c9"
        >
          Expires in 
          5 days
        </span>
      </button>
      <img
        alt="profile"
        class="c10"
        data-testid="photo"
        src="https://lh3.googleusercontent.com/a-/AOh14Gi6ZcKd1ClkJqBEEP114ZJ07XWJfQLKJKL6apgFgQ"
        width="50px"
      />
      <button
        class="c7"
        type="button"
      >
        <img
          alt="delete"
          src="delete.svg"
        />
      </button>
    </li>
    <li
      class="c3"
    >
      <button
        class="c4 c5"
        type="button"
      >
        <span
          class="c9"
        >
          Expires in 
          5 days
        </span>
      </button>
      <img
        alt="profile"
        class="c10"
        data-testid="photo"
        src="https://lh3.googleusercontent.com/a-/AOh14Gi6ZcKd1ClkJqBEEP114ZJ07XWJfQLKJKL6apgFgQ"
        width="50px"
      />
      <button
        class="c7"
        type="button"
      >
        <img
          alt="delete"
          src="delete.svg"
        />
      </button>
    </li>
    <li
      class="c3"
    >
      <button
        class="c4 c5"
        type="button"
      >
        <span
          class="c9"
        >
          Expires in 
          5 days
        </span>
      </button>
      <img
        alt="profile"
        class="c10"
        data-testid="photo"
        src="https://lh3.googleusercontent.com/a-/AOh14Gi6ZcKd1ClkJqBEEP114ZJ07XWJfQLKJKL6apgFgQ"
        width="50px"
      />
      <button
        class="c7"
        type="button"
      >
        <img
          alt="delete"
          src="delete.svg"
        />
      </button>
    </li>
  </ul>
</div>
`;
