// Jest Snapshot v1, https://goo.gl/fbAQLP

exports[`EditFoodServings component should render 1`] = `
.c2 {
  background-color: #348841;
  border: 0;
  border-radius: 5px;
  color: white;
  cursor: pointer;
  padding: 1rem;
  min-width: 68px;
}

.c3 {
  background-color: white;
  border: 1px solid #348841;
  color: #348841;
}

.c0 {
  justify-self: center;
  margin: 0;
  padding: 0;
  list-style: none;
  width: 17rem;
}

.c1 {
  -webkit-align-items: center;
  -webkit-box-align: center;
  -ms-flex-align: center;
  align-items: center;
  display: -webkit-box;
  display: -webkit-flex;
  display: -ms-flexbox;
  display: flex;
  -webkit-box-pack: justify;
  -webkit-justify-content: space-between;
  -ms-flex-pack: justify;
  justify-content: space-between;
  padding: 1rem 0;
}

.c5 {
  color: #EB5757;
  margin: 0 0 0 1rem;
}

.c8 {
  color: #FCBA3B;
  margin: 0 0 0 1rem;
}

.c10 {
  color: #348841;
  margin: 0 0 0 1rem;
}

.c6 {
  -webkit-align-items: center;
  -webkit-box-align: center;
  -ms-flex-align: center;
  align-items: center;
  background: none;
  border: 1px solid darkgrey;
  cursor: pointer;
  display: -webkit-box;
  display: -webkit-flex;
  display: -ms-flexbox;
  display: flex;
  -webkit-box-pack: center;
  -webkit-justify-content: center;
  -ms-flex-pack: center;
  justify-content: center;
  padding: 1rem;
  border-radius: 50%;
}

.c4 {
  border: 1px solid #EB5757;
}

.c7 {
  border: 1px solid #FCBA3B;
}

.c9 {
  border: 1px solid #348841;
}

<ul
  class="c0"
>
  <li
    class="c1"
  >
    <button
      class="c2 c3 c4"
      type="button"
    >
      <span
        class="c5"
      >
        Expires in 
        0 seconds
      </span>
    </button>
    <button
      class="c6"
      data-testid="deleteServing"
      type="button"
    >
      <img
        alt="delete"
        src="delete.svg"
      />
    </button>
  </li>
  <li
    class="c1"
  >
    <button
      class="c2 c3 c7"
      type="button"
    >
      <span
        class="c8"
      >
        Expires in 
        2 days
      </span>
    </button>
    <button
      class="c6"
      data-testid="deleteServing"
      type="button"
    >
      <img
        alt="delete"
        src="delete.svg"
      />
    </button>
  </li>
  <li
    class="c1"
  >
    <button
      class="c2 c3 c7"
      type="button"
    >
      <span
        class="c8"
      >
        Expires in 
        2 days
      </span>
    </button>
    <button
      class="c6"
      data-testid="deleteServing"
      type="button"
    >
      <img
        alt="delete"
        src="delete.svg"
      />
    </button>
  </li>
  <li
    class="c1"
  >
    <button
      class="c2 c3 c9"
      type="button"
    >
      <span
        class="c10"
      >
        Expires in 
        5 days
      </span>
    </button>
    <button
      class="c6"
      data-testid="deleteServing"
      type="button"
    >
      <img
        alt="delete"
        src="delete.svg"
      />
    </button>
  </li>
  <li
    class="c1"
  >
    <button
      class="c2 c3 c9"
      type="button"
    >
      <span
        class="c10"
      >
        Expires in 
        5 days
      </span>
    </button>
    <button
      class="c6"
      data-testid="deleteServing"
      type="button"
    >
      <img
        alt="delete"
        src="delete.svg"
      />
    </button>
  </li>
  <li
    class="c1"
  >
    <button
      class="c2 c3 c9"
      type="button"
    >
      <span
        class="c10"
      >
        Expires in 
        5 days
      </span>
    </button>
    <button
      class="c6"
      data-testid="deleteServing"
      type="button"
    >
      <img
        alt="delete"
        src="delete.svg"
      />
    </button>
  </li>
  <li
    class="c1"
  >
    <button
      class="c2 c3 c9"
      type="button"
    >
      <span
        class="c10"
      >
        Expires in 
        5 days
      </span>
    </button>
    <button
      class="c6"
      data-testid="deleteServing"
      type="button"
    >
      <img
        alt="delete"
        src="delete.svg"
      />
    </button>
  </li>
</ul>
`;
