// Jest Snapshot v1, https://goo.gl/fbAQLP

exports[`PageAddFoodForm2 component should render 1`] = `
.c0 {
  -webkit-align-items: center;
  -webkit-box-align: center;
  -ms-flex-align: center;
  align-items: center;
  background-color: white;
  box-shadow: 0 4px 8px 0 rgba(0,0,0,.06);
  display: -webkit-box;
  display: -webkit-flex;
  display: -ms-flexbox;
  display: flex;
  padding: 33px 24px;
  left: 0;
  position: fixed;
  right: 0;
  top: 0;
}

.c1 {
  color: initial;
  -webkit-text-decoration: none;
  text-decoration: none;
}

.c3 {
  font-size: 25px;
  font-weight: 500;
  margin: 0;
  padding: 0 0 0 14px;
}

.c2 {
  position: relative;
  top: 2px;
  width: 32px;
}

<div
  class="c0"
>
  <a
    aria-current="page"
    class="c1 active"
    href="/"
  >
    <img
      alt="icon"
      class="c2"
      src="icon.svg"
    />
  </a>
  <h4
    class="c3"
  >
    Pantry
  </h4>
</div>
`;
