// Jest Snapshot v1, https://goo.gl/fbAQLP

exports[`PageSignIn component should render 1`] = `
.c0 {
  -webkit-align-items: center;
  -webkit-box-align: center;
  -ms-flex-align: center;
  align-items: center;
  background-color: white;
  box-shadow: 0 4px 8px 0 rgba(0,0,0,0.06);
  display: -webkit-box;
  display: -webkit-flex;
  display: -ms-flexbox;
  display: flex;
  height: 100px;
  -webkit-box-pack: justify;
  -webkit-justify-content: space-between;
  -ms-flex-pack: justify;
  justify-content: space-between;
  padding: 0 24px;
  left: 0;
  position: fixed;
  right: 0;
  top: 0;
  z-index: 2;
}

.c3 {
  font-size: 25px;
  font-weight: 500;
  margin: 0;
  padding: 0 0 0 14px;
}

.c2 {
  cursor: pointer;
  height: 16px;
  width: 16px;
}

.c1 {
  -webkit-align-items: center;
  -webkit-box-align: center;
  -ms-flex-align: center;
  align-items: center;
  display: -webkit-box;
  display: -webkit-flex;
  display: -ms-flexbox;
  display: flex;
}

.c5 {
  background-color: transparent;
  border: 0;
  cursor: pointer;
  display: -webkit-box;
  display: -webkit-flex;
  display: -ms-flexbox;
  display: flex;
  padding: 0;
}

.c4 {
  position: relative;
  right: 4rem;
}

<div
  class="c0"
>
  <div
    class="c1"
  >
    <img
      alt="arrow"
      class="c2"
      data-testid="headerBackArrow"
      src="arrow.svg"
    />
    <h4
      class="c3"
    >
      Sign in
    </h4>
  </div>
  <div
    class="c4"
  >
    <button
      class="c5"
      type="button"
    >
      <img
        alt="notifications"
        src="bell.svg"
      />
    </button>
  </div>
</div>
`;
