// Jest Snapshot v1, https://goo.gl/fbAQLP

exports[`MobileNavbar should render 1`] = `
.c0 {
  background-color: grey;
  bottom: 0;
  display: -webkit-box;
  display: -webkit-flex;
  display: -ms-flexbox;
  display: flex;
  -webkit-box-pack: space-evenly;
  -webkit-justify-content: space-evenly;
  -ms-flex-pack: space-evenly;
  justify-content: space-evenly;
  list-style: none;
  padding: 0;
  left: 0;
  margin: 0;
  position: fixed;
  right: 0;
}

.c1 {
  width: 50%;
}

.c2 {
  color: black;
  display: inline-block;
  padding: 1rem 0;
  text-align: center;
  -webkit-text-decoration: none;
  text-decoration: none;
  width: 100%;
}

.c2.active {
  background-color: white;
}

<ul
  class="c0"
  data-testid="mobileNavbar"
>
  <li
    class="c1"
  >
    <a
      aria-current="page"
      class="c2 active"
      href="/"
    >
      Check Fridge
    </a>
  </li>
  <li
    class="c1"
  >
    <a
      class="c2"
      href="/add"
    >
      Add Food
    </a>
  </li>
</ul>
`;
