// Jest Snapshot v1, https://goo.gl/fbAQLP

exports[`FoodGrid component should render 1`] = `
.c0 {
  display: grid;
  grid-column-gap: 1rem;
  grid-template-columns: repeat(4,1fr);
  list-style: none;
  margin: 0;
  padding: 0;
}

.c1 {
  font-size: 18px;
  margin: 0 0 1rem;
}

.c2 {
  color: red;
}

<div
  class=""
>
  <h1
    class=""
  >
    meat
  </h1>
  <ul
    class="c0"
  >
    <h2
      class="c1"
    >
      Name
    </h2>
    <h2
      class="c1"
    >
      Expires
    </h2>
    <h2
      class="c1"
    >
      Servings
    </h2>
    <h2
      class="c1"
    >
      Amend
    </h2>
    <li>
      chicken
    </li>
    <li
      class="c2"
    >
      14th Mar
    </li>
    <li>
      2
    </li>
    <li>
      <button
        data-testid="deleteButton0"
        style="cursor: pointer;"
        type="button"
      >
        <img
          alt="delete"
          src="delete.svg"
        />
      </button>
    </li>
  </ul>
</div>
`;
