// Jest Snapshot v1, https://goo.gl/fbAQLP

exports[`FoodGrid component should render 1`] = `
.c0 {
  display: grid;
  grid-column-gap: 1rem;
  grid-template-columns: repeat(4,max-content);
  list-style: none;
  margin: 0;
  padding: 0;
  width: -webkit-max-content;
  width: -moz-max-content;
  width: max-content;
}

.c1 {
  font-size: 18px;
  margin: 0 0 1rem;
}

.c2 {
  font-size: 16px;
  margin: 0 0 1rem;
  grid-column: 1 / 5;
}

<ul
  class="c0"
>
  <h2
    class="c1"
  >
    Name
  </h2>
  <h2
    class="c1"
  >
    Expires
  </h2>
  <h2
    class="c1"
  >
    Quantity
  </h2>
  <h2
    class="c1"
  >
    Amend
  </h2>
  <h3
    class="c2"
  >
    Meat
  </h3>
  <li>
    chicken
  </li>
  <li>
    14/03/2019
  </li>
  <li>
    2
     Servings
  </li>
  <li>
    <button
      data-testid="deleteButton0Meat"
      style="cursor: pointer;"
      type="button"
    >
      <img
        alt="delete"
        src="delete.svg"
      />
    </button>
  </li>
  <h3
    class="c2"
  >
    Fish
  </h3>
  <li>
    salmon
  </li>
  <li>
    09/04/2019
  </li>
  <li>
    1
     Servings
  </li>
  <li>
    <button
      data-testid="deleteButton0Fish"
      style="cursor: pointer;"
      type="button"
    >
      <img
        alt="delete"
        src="delete.svg"
      />
    </button>
  </li>
  <h3
    class="c2"
  >
    Vegetables
  </h3>
  <li>
    carrots
  </li>
  <li>
    11/07/2019
  </li>
  <li>
    3
     Servings
  </li>
  <li>
    <button
      data-testid="deleteButton0Vegetables"
      style="cursor: pointer;"
      type="button"
    >
      <img
        alt="delete"
        src="delete.svg"
      />
    </button>
  </li>
</ul>
`;
