// Jest Snapshot v1, https://goo.gl/fbAQLP

exports[`Household component should render 1`] = `
.c0 {
  border: 1px solid #9b9b9b;
  border-radius: 5px;
  list-style: none;
  margin: 0;
  padding: 0;
}

.c1 {
  -webkit-align-items: center;
  -webkit-box-align: center;
  -ms-flex-align: center;
  align-items: center;
  display: grid;
  grid-template-columns: max-content 1fr max-content;
  padding: 1rem 1.5rem;
  border-bottom: 1px solid #9b9b9b;
}

.c1:last-child {
  border: 0;
}

.c3 {
  grid-column: 2 / 3;
  grid-row: 1 / 2;
  text-align: center;
}

.c4 {
  color: darkgrey;
  font-size: 14px;
  font-style: italic;
  grid-column: 2 / 3;
  grid-row: 2 / 3;
  text-align: center;
}

.c5 {
  text-align: center;
}

.c2 {
  border-radius: 50%;
  grid-row: 1 / 3;
  width: 50px;
}

.c6 {
  grid-column: 3 / 4;
  grid-row: 2 / 3;
  color: darkgrey;
  font-size: 14px;
}

<ul
  class="c0"
>
  <li
    class="c1"
  >
    <img
      alt="user"
      class="c2"
      src="https://lh3.googleusercontent.com/a-/AOh14Gi6ZcKd1ClkJqBEEP114ZJ07XWJfQLKJKL6apgFgQ"
    />
    <span
      class="c3"
    >
      Heidi Seo
    </span>
    <span
      class="c4"
    >
      heidi@gmail.com
    </span>
    <span
      aria-label="smile"
      class="c5"
      role="img"
    >
      😀
    </span>
    <span
      class="c6"
    />
  </li>
</ul>
`;
