// Jest Snapshot v1, https://goo.gl/fbAQLP

exports[`PageHome component should render 1`] = `
<div
  class=""
>
  <form>
    <input
      name="test"
      type="text"
      value=""
    />
    <button
      type="submit"
    >
      Submit
    </button>
  </form>
  <button
    type="button"
  >
    Delete first entry
  </button>
</div>
`;
