// Jest Snapshot v1, https://goo.gl/fbAQLP

exports[`PageHome component should render 1`] = `
<div
  class=""
>
  <form>
    <input
      name="category"
      placeholder="category"
      type="text"
      value=""
    />
    <input
      name="name"
      placeholder="name"
      type="text"
      value=""
    />
    <input
      name="servings"
      placeholder="servings"
      type="text"
      value=""
    />
    <button
      type="submit"
    >
      Submit
    </button>
  </form>
</div>
`;
