// Jest Snapshot v1, https://goo.gl/fbAQLP

exports[`Header component should render 1`] = `
.c0 {
  padding: 2rem 2rem 0;
}

.c1 {
  -webkit-text-decoration: none;
  text-decoration: none;
  color: initial;
}

.c2 {
  font-weight: 500;
  margin: 0;
}

<header
  class="c0"
>
  <a
    aria-current="page"
    class="c1 active"
    href="/"
  >
    <h4
      class="c2"
    >
      Pantry
    </h4>
  </a>
</header>
`;
