// Jest Snapshot v1, https://goo.gl/fbAQLP

exports[`Header component should render 1`] = `
.c0 {
  display: -webkit-box;
  display: -webkit-flex;
  display: -ms-flexbox;
  display: flex;
  -webkit-box-pack: justify;
  -webkit-justify-content: space-between;
  -ms-flex-pack: justify;
  justify-content: space-between;
  margin: 0 0 2rem;
  padding: 2rem 0 0;
}

.c1 {
  color: initial;
  -webkit-text-decoration: none;
  text-decoration: none;
}

.c2 {
  font-weight: 500;
  margin: 0;
}

<header
  class="c0"
>
  <a
    aria-current="page"
    class="c1 active"
    href="/"
  >
    <h4
      class="c2"
    >
      Pantry
    </h4>
  </a>
</header>
`;
