// Jest Snapshot v1, https://goo.gl/fbAQLP

exports[`SingleSelect component should render 1`] = `
.c0 {
  display: grid;
  grid-column-gap: 1rem;
  grid-template-columns: 1fr 1fr 1fr 1fr;
  width: 100%;
}

.c1 {
  background-color: white;
  border: 1px solid rgba(52,136,65,0.6);
  border-radius: 5px;
  color: #348841;
  cursor: pointer;
  padding: 1rem;
}

.c1:hover {
  background-color: #348841;
  color: white;
}

<div
  class="c0"
  data-testid="singleSelect"
>
  <button
    class="c1"
    data-testid="singleSelectButton0"
    type="button"
  >
    20+
  </button>
  <button
    class="c1"
    data-testid="singleSelectButton1"
    type="button"
  >
    40+
  </button>
</div>
`;
