// Jest Snapshot v1, https://goo.gl/fbAQLP

exports[`AddFoodForm component should render 1`] = `
.c10 {
  background-color: #288efc;
  border: 0;
  border-radius: 0.25rem;
  color: white;
  cursor: pointer;
  font-size: 1rem;
  height: 45px;
  line-height: 1.2;
  width: 200px;
}

.c15 {
  background-color: #288efc;
  border: 0;
  border-radius: 0.25rem;
  color: white;
  cursor: pointer;
  font-size: 1rem;
  height: 45px;
  line-height: 1.2;
  width: 200px;
  background-color: linear-gradient(199.65deg,#288efc 0%,#2863fc 100%);
  border-radius: 6px;
  color: white;
  -webkit-box-flex: 1;
  -webkit-flex-grow: 1;
  -ms-flex-positive: 1;
  flex-grow: 1;
}

.c14 {
  background-color: #288efc;
  border: 0;
  border-radius: 0.25rem;
  color: white;
  cursor: pointer;
  font-size: 1rem;
  height: 45px;
  line-height: 1.2;
  width: 200px;
  background-color: white;
  border-radius: 6px;
  color: black;
  -webkit-box-flex: 1;
  -webkit-flex-grow: 1;
  -ms-flex-positive: 1;
  flex-grow: 1;
}

.c16 {
  background-color: #288efc;
  border: 0;
  border-radius: 0.25rem;
  color: white;
  cursor: pointer;
  font-size: 1rem;
  height: 45px;
  line-height: 1.2;
  width: 200px;
}

.c5 {
  display: -webkit-box;
  display: -webkit-flex;
  display: -ms-flexbox;
  display: flex;
  -webkit-flex-direction: column;
  -ms-flex-direction: column;
  flex-direction: column;
  margin: 0 0 1rem;
}

.c6 {
  margin: 0 0 0.5rem;
}

.c7 {
  display: grid;
  grid-template-columns: repeat(3,max-content);
  grid-column-gap: 1rem;
  grid-row-gap: 1rem;
  margin: 0 0 1rem;
}

.c9 {
  color: blue;
  grid-row: 2;
}

.c8 {
  grid-row: 1;
}

.c0 {
  display: -webkit-box;
  display: -webkit-flex;
  display: -ms-flexbox;
  display: flex;
  -webkit-flex-direction: column;
  -ms-flex-direction: column;
  flex-direction: column;
  margin: 0 0 1rem;
}

.c1 {
  margin: 0 0 0.5rem;
}

.c11 {
  display: -webkit-box;
  display: -webkit-flex;
  display: -ms-flexbox;
  display: flex;
  -webkit-flex-direction: column;
  -ms-flex-direction: column;
  flex-direction: column;
  margin: 0 0 1rem;
}

.c12 {
  margin: 0 0 0.5rem;
}

.c13 {
  display: -webkit-box;
  display: -webkit-flex;
  display: -ms-flexbox;
  display: flex;
}

.c2 {
  display: -webkit-box;
  display: -webkit-flex;
  display: -ms-flexbox;
  display: flex;
  -webkit-flex-direction: column;
  -ms-flex-direction: column;
  flex-direction: column;
  margin: 0 0 1rem;
}

.c3 {
  margin: 0 0 0.5rem;
}

.c4 {
  border: 1px solid hsl(0,0%,80%);
  border-radius: 2px;
  padding: 5px;
}

<div
  class=""
>
  <form
    action="#"
  >
    <div
      class="c0"
    >
      <label
        class="c1"
      >
        What category of food?
      </label>
      <select
        data-testid="select"
      >
        <option
          value="meat"
        >
          Meat
        </option>
        <option
          value="vegetables"
        >
          Vegetables
        </option>
      </select>
      
    </div>
    <div
      class="c2"
    >
      <label
        class="c3"
        for="addFoodFoodNameInput"
      >
        What is the name of the food?
      </label>
      <input
        class="c4"
        data-testid="addFoodFoodNameInput"
        id="addFoodFoodNameInput"
        name="name"
        placeholder="Name..."
        type="text"
        value=""
      />
      
    </div>
    <div
      class="c5"
    >
      <label
        class="c6"
      >
        When does it expire?
      </label>
      <div
        class="c7"
      >
        <button
          class="c8"
          type="button"
        >
          Up
        </button>
        <span
          class="c9"
          data-testid="dialDatePickerDay"
        >
          9th
        </span>
        <button
          type="button"
        >
          Down
        </button>
        <button
          class="c8"
          type="button"
        >
          Up
        </button>
        <span
          class="c9"
          data-testid="dialDatePickerMonth"
        >
          January
        </span>
        <button
          type="button"
        >
          Down
        </button>
        <button
          class="c8"
          type="button"
        >
          Up
        </button>
        <span
          class="c9"
          data-testid="dialDatePickerYear"
        >
          2020
        </span>
        <button
          type="button"
        >
          Down
        </button>
      </div>
      <button
        class="c10"
        data-testid=""
        type="button"
        width=""
      >
        Add 1 week
      </button>
    </div>
    <div
      class="c11"
      data-testid="addFoodFormServings"
    >
      <label
        class="c12"
      >
        How many servings?
      </label>
      <div
        class="c13"
      >
        <button
          class="c14"
          data-testid="singleSelectButton0"
          type="button"
          width=""
        >
          1
        </button>
        <button
          class="c15"
          data-testid="singleSelectButton1"
          type="button"
          width=""
        >
          2
        </button>
        <button
          class="c14"
          data-testid="singleSelectButton2"
          type="button"
          width=""
        >
          3
        </button>
        <button
          class="c14"
          data-testid="singleSelectButton3"
          type="button"
          width=""
        >
          4+
        </button>
      </div>
    </div>
    <button
      class="c16"
      data-testid="addFoodFormButton"
      type="submit"
      width=""
    >
      Submit
    </button>
  </form>
</div>
`;
