// Jest Snapshot v1, https://goo.gl/fbAQLP

exports[`Notifications component should render 1`] = `
.c4 {
  -webkit-align-items: center;
  -webkit-box-align: center;
  -ms-flex-align: center;
  align-items: center;
  background-color: #348841;
  border: 1px solid #348841;
  border-radius: 5px;
  color: white;
  cursor: pointer;
  display: -webkit-box;
  display: -webkit-flex;
  display: -ms-flexbox;
  display: flex;
  -webkit-box-pack: center;
  -webkit-justify-content: center;
  -ms-flex-pack: center;
  justify-content: center;
  padding: 0;
  height: 32px;
  width: 32px;
}

.c5 {
  background-color: white;
  border: 1px solid #348841;
  color: #348841;
}

.c8 {
  background-color: #348841;
  border: 0;
  border-radius: 5px;
  color: white;
  cursor: pointer;
  padding: 1rem;
  min-width: 68px;
}

.c9 {
  background-color: white;
  border: 1px solid #348841;
  color: #348841;
}

.c0 {
  -webkit-align-items: center;
  -webkit-box-align: center;
  -ms-flex-align: center;
  align-items: center;
  background-color: white;
  border: 1px solid #504e4e2b;
  border-radius: 5px;
  box-shadow: rgba(0,0,0,0.19) 0px 10px 20px,rgba(0,0,0,0.23) 0px 6px 6px;
  box-sizing: border-box;
  display: -webkit-box;
  display: -webkit-flex;
  display: -ms-flexbox;
  display: flex;
  -webkit-flex-direction: column;
  -ms-flex-direction: column;
  flex-direction: column;
  list-style: none;
  margin: 0;
  padding: 1.5rem;
  position: absolute;
  right: -3rem;
  top: 3rem;
  width: 300px;
  z-index: 200;
}

.c1 {
  font-weight: normal;
  margin: 0 0 1rem;
  text-align: center;
}

.c2 {
  -webkit-align-items: center;
  -webkit-box-align: center;
  -ms-flex-align: center;
  align-items: center;
  border-bottom: 1px solid #504e4e2b;
  display: -webkit-box;
  display: -webkit-flex;
  display: -ms-flexbox;
  display: flex;
  -webkit-box-pack: justify;
  -webkit-justify-content: space-between;
  -ms-flex-pack: justify;
  justify-content: space-between;
  padding: 1rem 0;
  width: 100%;
}

.c2:nth-child(2) {
  border-top: 1px solid #504e4e2b;
}

.c3 {
  margin: 0 0.5rem 0 0;
}

.c7 {
  -webkit-align-items: center;
  -webkit-box-align: center;
  -ms-flex-align: center;
  align-items: center;
  display: -webkit-box;
  display: -webkit-flex;
  display: -ms-flexbox;
  display: flex;
  -webkit-box-pack: end;
  -webkit-justify-content: flex-end;
  -ms-flex-pack: end;
  justify-content: flex-end;
  margin: 1rem 0 0;
  width: 100%;
}

.c10 {
  -webkit-align-self: flex-end;
  -ms-flex-item-align: end;
  align-self: flex-end;
  padding: 0.75rem;
}

.c6 {
  margin: 0 0.75rem 0 0;
}

@media (min-width:765px) {
  .c0 {
    left: -6.6rem;
  }
}

<ul
  class="c0"
  data-testid="notifications"
>
  <h3
    class="c1"
  >
    Your Notifications:
  </h3>
  <li
    class="c2"
  >
    <span
      class="c3"
    >
      Welcome to Pantry
    </span>
    <button
      class="c4 c5"
      type="button"
    >
      <svg
        fill="none"
        height="40"
        viewBox="0 0 40 40"
        width="40"
        xmlns="http://www.w3.org/2000/svg"
      >
        <path
          d="M30 12.0143L27.9857 10L20 17.9857L12.0143 10L10 12.0143L17.9857 20L10 27.9857L12.0143 30L20 22.0143L27.9857 30L30 27.9857L22.0143 20L30 12.0143Z"
          fill="#348841"
        />
      </svg>
    </button>
  </li>
  <li
    class="c2"
  >
    <span
      class="c3"
    >
      Dan is inviting you to join their household
    </span>
    <button
      class="c4 c6"
      type="button"
    >
      <svg
        fill="none"
        height="36"
        viewBox="0 0 36 36"
        width="36"
        xmlns="http://www.w3.org/2000/svg"
      >
        <path
          d="M27.9998 11.5772L14.2855 25L7.99976 18.8479L9.61118 17.2707L14.2855 21.8345L26.3883 10L27.9998 11.5772Z"
          fill="white"
        />
      </svg>
    </button>
    <button
      class="c4 c5"
      type="button"
    >
      <svg
        fill="none"
        height="40"
        viewBox="0 0 40 40"
        width="40"
        xmlns="http://www.w3.org/2000/svg"
      >
        <path
          d="M30 12.0143L27.9857 10L20 17.9857L12.0143 10L10 12.0143L17.9857 20L10 27.9857L12.0143 30L20 22.0143L27.9857 30L30 27.9857L22.0143 20L30 12.0143Z"
          fill="#348841"
        />
      </svg>
    </button>
  </li>
  <div
    class="c7"
  >
    <button
      class="c8 c9 c10"
      type="button"
    >
      Close
    </button>
  </div>
</ul>
`;
