// Jest Snapshot v1, https://goo.gl/fbAQLP

exports[`Notifications component should render 1`] = `
.c4 {
  background-color: #348841;
  border: 0;
  border-radius: 5px;
  color: white;
  cursor: pointer;
  padding: 1rem;
  min-width: 68px;
}

.c7 {
  background-color: #348841;
  border: 0;
  border-radius: 5px;
  color: white;
  cursor: pointer;
  padding: 1rem;
  margin: 0 1rem 0 0;
  min-width: 68px;
}

.c5 {
  background-color: white;
  border: 1px solid #348841;
  color: #348841;
}

.c8 {
  background-color: white;
  border: 1px solid #348841;
  color: #348841;
  margin: 0 1rem 0 0;
}

.c0 {
  -webkit-align-items: center;
  -webkit-box-align: center;
  -ms-flex-align: center;
  align-items: center;
  background-color: white;
  border: 1px solid #504e4e2b;
  border-radius: 5px;
  box-shadow: rgba(0,0,0,0.19) 0px 10px 20px,rgba(0,0,0,0.23) 0px 6px 6px;
  box-sizing: border-box;
  display: -webkit-box;
  display: -webkit-flex;
  display: -ms-flexbox;
  display: flex;
  -webkit-flex-direction: column;
  -ms-flex-direction: column;
  flex-direction: column;
  list-style: none;
  margin: 0;
  padding: 2rem 1rem;
  position: absolute;
  right: -3rem;
  top: 3rem;
  width: 275px;
  z-index: 200;
}

.c1 {
  font-weight: normal;
  margin: 0 0 1rem;
  text-align: center;
}

.c2 {
  border-bottom: 1px solid #504e4e2b;
  display: grid;
  grid-row-gap: 1rem;
  grid-template-columns: 1fr 1fr;
  grid-template-rows: max-content 1fr;
  padding: 1.5rem 0;
  width: 100%;
}

.c2:nth-child(2) {
  border-top: 1px solid #504e4e2b;
}

.c3 {
  -webkit-align-self: center;
  -ms-flex-item-align: center;
  align-self: center;
  grid-column: 1 / 3;
  justify-self: center;
  text-align: center;
}

.c6 {
  grid-column: 2 / 3;
}

.c9 {
  margin: 2rem 0 0;
  width: 100px;
}

@media (min-width:765px) {
  .c0 {
    left: -6.6rem;
  }
}

<ul
  class="c0"
  data-testid="notifications"
>
  <h3
    class="c1"
  >
    Your Notifications:
  </h3>
  <li
    class="c2"
  >
    <span
      class="c3"
    >
      Welcome to Pantry
    </span>
    <button
      class="c4 c5 c6"
      type="button"
    >
      Dismiss
    </button>
  </li>
  <li
    class="c2"
  >
    <span
      class="c3"
    >
      Dan is inviting you to join their household
    </span>
    <button
      class="c7 c8"
      type="button"
    >
      Decline
    </button>
    <button
      class="c4"
      type="button"
    >
      Accept
    </button>
  </li>
  <button
    class="c4 c5 c9"
    type="button"
  >
    Close
  </button>
</ul>
`;
