// Jest Snapshot v1, https://goo.gl/fbAQLP

exports[`CategoryList component should render 1`] = `
.c1 {
  -webkit-align-items: center;
  -webkit-box-align: center;
  -ms-flex-align: center;
  align-items: center;
  border: 3px solid orange;
  border-radius: 6px;
  box-sizing: border-box;
  box-shadow: rgba(79,90,109,0.3) 0px 0.1875rem 0.625rem 0px;
  color: initial;
  cursor: pointer;
  display: -webkit-box;
  display: -webkit-flex;
  display: -ms-flexbox;
  display: flex;
  -webkit-flex-direction: column;
  -ms-flex-direction: column;
  flex-direction: column;
  height: 100px;
  -webkit-box-pack: center;
  -webkit-justify-content: center;
  -ms-flex-pack: center;
  justify-content: center;
  -webkit-text-decoration: none;
  text-decoration: none;
  padding: 1rem;
  width: 120px;
}

.c4 {
  -webkit-align-items: center;
  -webkit-box-align: center;
  -ms-flex-align: center;
  align-items: center;
  border: 3px solid blue;
  border-radius: 6px;
  box-sizing: border-box;
  box-shadow: rgba(79,90,109,0.3) 0px 0.1875rem 0.625rem 0px;
  color: initial;
  cursor: pointer;
  display: -webkit-box;
  display: -webkit-flex;
  display: -ms-flexbox;
  display: flex;
  -webkit-flex-direction: column;
  -ms-flex-direction: column;
  flex-direction: column;
  height: 100px;
  -webkit-box-pack: center;
  -webkit-justify-content: center;
  -ms-flex-pack: center;
  justify-content: center;
  -webkit-text-decoration: none;
  text-decoration: none;
  padding: 1rem;
  width: 120px;
}

.c5 {
  -webkit-align-items: center;
  -webkit-box-align: center;
  -ms-flex-align: center;
  align-items: center;
  border: 3px solid red;
  border-radius: 6px;
  box-sizing: border-box;
  box-shadow: rgba(79,90,109,0.3) 0px 0.1875rem 0.625rem 0px;
  color: initial;
  cursor: pointer;
  display: -webkit-box;
  display: -webkit-flex;
  display: -ms-flexbox;
  display: flex;
  -webkit-flex-direction: column;
  -ms-flex-direction: column;
  flex-direction: column;
  height: 100px;
  -webkit-box-pack: center;
  -webkit-justify-content: center;
  -ms-flex-pack: center;
  justify-content: center;
  -webkit-text-decoration: none;
  text-decoration: none;
  padding: 1rem;
  width: 120px;
}

.c2 {
  margin: 0;
  padding: 0 0 0.5rem;
}

.c3 {
  margin: 0;
}

.c0 {
  display: grid;
  grid-gap: 0.5rem;
  grid-template-columns: repeat(auto-fill,minmax(120px,1fr));
  justify-items: center;
  padding: 1rem 0;
}

<div
  class="c0"
  data-testid="categoryList"
>
  <a
    class="c1"
    colour="orange"
    data-testid="categoryCardall"
    href="/food/all"
  >
    <h3
      class="c2"
    >
      All
    </h3>
    <p
      class="c3"
    >
      4
    </p>
  </a>
  <a
    class="c4"
    colour="blue"
    data-testid="categoryCardfish"
    href="/food/fish"
  >
    <h3
      class="c2"
    >
      Fish
    </h3>
    <p
      class="c3"
    >
      1
    </p>
  </a>
  <a
    class="c5"
    colour="red"
    data-testid="categoryCardmeat"
    href="/food/meat"
  >
    <h3
      class="c2"
    >
      Meat
    </h3>
    <p
      class="c3"
    >
      3
    </p>
  </a>
</div>
`;
