// Jest Snapshot v1, https://goo.gl/fbAQLP

exports[`ModalChangeOwner component should render 1`] = `
.c1 {
  border-radius: 50%;
  height: auto;
  min-height: 50px;
  width: 50px;
}

.c3 {
  background-color: #348841;
  border: 0;
  border-radius: 5px;
  color: white;
  cursor: pointer;
  padding: 1rem;
  min-width: 68px;
}

.c4 {
  background-color: white;
  border: 1px solid #348841;
  color: #348841;
}

.c0 {
  border: 1px solid red;
}

.c2 {
  display: -webkit-box;
  display: -webkit-flex;
  display: -ms-flexbox;
  display: flex;
  -webkit-box-pack: justify;
  -webkit-justify-content: space-between;
  -ms-flex-pack: justify;
  justify-content: space-between;
  list-style: none;
  padding: 0;
}

<div
  class="c0"
  data-testid="modalChangeOwner"
>
  <h2>
    Change Owner
  </h2>
  <p>
    3 servings expiring in: 2 days
  </p>
  <p>
    Current Owner:
  </p>
  <img
    alt="profile"
    class="c1"
    src="https://lh3.googleusercontent.com/a-/AOh14Gi6ZcKd1ClkJqBEEP114ZJ07XWJfQLKJKL6apgFgQ"
    width="50px"
  />
  Dan Page
  <p>
    Click owner:
  </p>
  <ul
    class="c2"
  >
    <li>
      <img
        alt="profile"
        class="c1"
        src="https://lh3.googleusercontent.com/a-/AOh14Gi6ZcKd1ClkJqBEEP114ZJ07XWJfQLKJKL6apgFgQ"
        width="50px"
      />
      <p>
        Dan Page
      </p>
    </li>
    <li>
      <img
        alt="profile"
        class="c1"
        src="https://lh5.googleusercontent.com/-2Kb4LT8qzLs/AAAAAAAAAAI/AAAAAAAAAAA/AMZuucnT8gAa__5KWDwf4PR1ro78WH3YRg/photo.jpg"
        width="50px"
      />
      <p>
        Joe Hunt
      </p>
    </li>
  </ul>
  <button
    class="c3 c4"
    type="button"
  >
    Close
  </button>
</div>
`;
