// Jest Snapshot v1, https://goo.gl/fbAQLP

exports[`App component should render 1`] = `
.c1 {
  display: -webkit-box;
  display: -webkit-flex;
  display: -ms-flexbox;
  display: flex;
  margin: 0 0 2rem;
  padding: 2rem 0 0;
}

.c2 {
  color: initial;
  -webkit-text-decoration: none;
  text-decoration: none;
}

.c3 {
  font-weight: 500;
  margin: 0;
}

.c0 {
  margin: 0 auto;
  max-width: 1250px;
  padding: 0 2rem;
}

<div
  class="c0"
>
  <header
    class="c1"
  >
    <a
      aria-current="page"
      class="c2 active"
      href="/"
    >
      <h4
        class="c3"
      >
        Pantry
      </h4>
    </a>
  </header>
  <div
    class=""
  >
    <form>
      <input
        name="category"
        placeholder="category"
        type="text"
        value=""
      />
      <input
        name="name"
        placeholder="name"
        type="text"
        value=""
      />
      <input
        name="servings"
        placeholder="servings"
        type="text"
        value=""
      />
      <button
        type="submit"
      >
        Submit
      </button>
    </form>
  </div>
</div>
`;
