// Jest Snapshot v1, https://goo.gl/fbAQLP

exports[`App component should render 1`] = `
.c1 {
  display: -webkit-box;
  display: -webkit-flex;
  display: -ms-flexbox;
  display: flex;
  -webkit-box-pack: justify;
  -webkit-justify-content: space-between;
  -ms-flex-pack: justify;
  justify-content: space-between;
  margin: 0 0 2rem;
  padding: 2rem 0 0;
}

.c2 {
  color: initial;
  -webkit-text-decoration: none;
  text-decoration: none;
}

.c3 {
  font-weight: 500;
  margin: 0;
}

.c5 {
  -webkit-align-items: center;
  -webkit-box-align: center;
  -ms-flex-align: center;
  align-items: center;
  border: 3px solid orange;
  border-radius: 6px;
  box-sizing: border-box;
  box-shadow: rgba(79,90,109,0.3) 0px 0.1875rem 0.625rem 0px;
  color: initial;
  cursor: pointer;
  display: -webkit-box;
  display: -webkit-flex;
  display: -ms-flexbox;
  display: flex;
  -webkit-flex-direction: column;
  -ms-flex-direction: column;
  flex-direction: column;
  -webkit-text-decoration: none;
  text-decoration: none;
  padding: 1rem;
  width: 140px;
}

.c6 {
  margin: 0 0 0.5rem;
}

.c7 {
  margin: 0;
}

.c4 {
  display: grid;
  grid-template-columns: max-content max-content;
  grid-gap: 1rem;
  width: -webkit-max-content;
  width: -moz-max-content;
  width: max-content;
}

.c8 {
  background-color: grey;
  bottom: 0;
  display: -webkit-box;
  display: -webkit-flex;
  display: -ms-flexbox;
  display: flex;
  -webkit-box-pack: space-evenly;
  -webkit-justify-content: space-evenly;
  -ms-flex-pack: space-evenly;
  justify-content: space-evenly;
  list-style: none;
  padding: 0;
  left: 0;
  margin: 0;
  position: fixed;
  right: 0;
}

.c9 {
  width: 50%;
}

.c10 {
  color: black;
  display: inline-block;
  padding: 1rem 0;
  text-align: center;
  -webkit-text-decoration: none;
  text-decoration: none;
  width: 100%;
}

.c10.active {
  background-color: white;
}

.c0 {
  margin: 0 auto;
  max-width: 1250px;
  padding: 0 1rem 2rem;
}

<div
  class="c0"
>
  <header
    class="c1"
  >
    <a
      aria-current="page"
      class="c2 active"
      href="/"
    >
      <h4
        class="c3"
      >
        Pantry
      </h4>
    </a>
  </header>
  <div
    class=""
    data-testid="pageHome"
  >
    <div
      class="c4"
    >
      <a
        class="c5"
        colour="orange"
        data-testid="categoryCard"
        href="/all"
      >
        <h3
          class="c6"
        >
          All
        </h3>
        <p
          class="c7"
        >
          0
        </p>
      </a>
    </div>
  </div>
  <ul
    class="c8"
    data-testid="mobileNavbar"
  >
    <li
      class="c9"
    >
      <a
        aria-current="page"
        class="c10 active"
        href="/"
      >
        Check Fridge
      </a>
    </li>
    <li
      class="c9"
    >
      <a
        class="c10"
        href="/add"
      >
        Add Food
      </a>
    </li>
  </ul>
</div>
`;
