// Jest Snapshot v1, https://goo.gl/fbAQLP

exports[`CategoryFilter component should render 1`] = `
.c0 {
  background-color: #348841;
  color: white;
  display: -webkit-box;
  display: -webkit-flex;
  display: -ms-flexbox;
  display: flex;
  list-style: none;
  margin: 0;
  padding: 0;
  -webkit-box-pack: justify;
  -webkit-justify-content: space-between;
  -ms-flex-pack: justify;
  justify-content: space-between;
}

.c1 {
  border-bottom: 2px solid #348841;
  box-sizing: border-box;
  cursor: pointer;
  -webkit-box-flex: 1;
  -webkit-flex-grow: 1;
  -ms-flex-positive: 1;
  flex-grow: 1;
  font-weight: bold;
  padding: 1rem;
  text-align: center;
}

.c1:hover {
  border-bottom: 2px solid white;
}

.c2 {
  box-sizing: border-box;
  cursor: pointer;
  -webkit-box-flex: 1;
  -webkit-flex-grow: 1;
  -ms-flex-positive: 1;
  flex-grow: 1;
  font-weight: bold;
  padding: 1rem;
  text-align: center;
}

.c2:hover {
  border-bottom: 2px solid white;
}

@media (min-width:768px) {
  .c0 {
    -webkit-align-items: center;
    -webkit-box-align: center;
    -ms-flex-align: center;
    align-items: center;
    background-color: white;
    border: 1px solid #348841;
    border-radius: 10px;
    color: #348841;
    grid-column: 1 / 2;
    grid-row: 2;
    -webkit-flex-direction: column;
    -ms-flex-direction: column;
    flex-direction: column;
    width: 175px;
  }
}

@media (min-width:768px) {
  .c1 {
    margin: 1rem 0;
    padding: 0 0 0.25rem;
    width: -webkit-max-content;
    width: -moz-max-content;
    width: max-content;
  }

  .c1:hover {
    border-bottom: 2px solid #348841;
  }
}

@media (min-width:768px) {
  .c2 {
    margin: 1rem 0;
    padding: 0 0 0.25rem;
    width: -webkit-max-content;
    width: -moz-max-content;
    width: max-content;
  }

  .c2:hover {
    border-bottom: 2px solid #348841;
  }
}

<ul
  class="c0"
>
  <li
    class="c1"
  >
    All
  </li>
  <li
    class="c2"
  >
    Veg
  </li>
  <li
    class="c2"
  >
    Fruit
  </li>
  <li
    class="c2"
  >
    Meat
  </li>
  <li
    class="c2"
  >
    Dairy
  </li>
  <li
    class="c2"
  >
    Fish
  </li>
</ul>
`;
