// Jest Snapshot v1, https://goo.gl/fbAQLP

exports[`Input component should render 1`] = `
.c0 {
  display: -webkit-box;
  display: -webkit-flex;
  display: -ms-flexbox;
  display: flex;
  -webkit-flex-direction: column;
  -ms-flex-direction: column;
  flex-direction: column;
  margin: 0 0 1rem;
}

.c1 {
  border: 1px solid hsl(0,0%,80%);
  border-radius: 2px;
  padding: 5px;
}

<div
  class="c0"
>
  
  <input
    class="c1"
    data-testid="testInput"
    id="testInput"
    name="test"
    placeholder=""
    type="text"
    value=""
  />
  
</div>
`;
