// Jest Snapshot v1, https://goo.gl/fbAQLP

exports[`Input component should render 1`] = `
.c0 {
  border: 0;
  border-bottom: 2px solid #348841;
  border-radius: 2px;
  box-sizing: border-box;
  font-size: 1rem;
  padding: 12px;
  width: 100%;
}

<input
  class="c0"
  data-testid="testInput"
  id="testInput"
  name="test"
  type="text"
  value=""
/>
`;
