// Jest Snapshot v1, https://goo.gl/fbAQLP

exports[`FoodTable component should render 1`] = `
.c2 {
  color: red;
  list-style: none;
}

.c0 {
  cursor: pointer;
}

.c1 {
  cursor: pointer;
  color: blue;
  padding: 0 0 0 1rem;
}

<div>
  <table>
    <thead>
      <tr>
        <th
          class="c0"
        >
          Name
        </th>
        <th
          class="c0"
          data-testid="foodTableCategoryColumn"
        >
          Categories
        </th>
        <th
          class="c0"
        >
          Expires
        </th>
        <th
          class="c0"
        >
          Servings
        </th>
        <th
          class="c0"
        >
          Amend
        </th>
      </tr>
    </thead>
    <tbody>
      <tr>
        <td
          data-testid="foodTableName"
        >
          chicken
        </td>
        <td>
          <a
            class="c1"
            href="/food/111"
          >
            111
          </a>
        </td>
        <td>
          <li
            class="c2"
          >
            12th Oct
          </li>
        </td>
        <td>
          2
        </td>
        <td>
          <button
            data-testid="editButton"
            style="cursor: pointer; margin: 0px 1rem 0px 0px;"
            type="button"
          >
            <img
              alt="edit"
              src="edit.svg"
            />
          </button>
          <button
            data-testid="deleteButton0"
            style="cursor: pointer;"
            type="button"
          >
            <img
              alt="delete"
              src="delete.svg"
            />
          </button>
        </td>
      </tr>
      <tr>
        <td
          data-testid="foodTableName"
        >
          steak
        </td>
        <td>
          <a
            class="c1"
            href="/food/111"
          >
            111
          </a>
        </td>
        <td>
          <li
            class="c2"
          >
            9th Apr
          </li>
        </td>
        <td>
          1
        </td>
        <td>
          <button
            data-testid="editButton"
            style="cursor: pointer; margin: 0px 1rem 0px 0px;"
            type="button"
          >
            <img
              alt="edit"
              src="edit.svg"
            />
          </button>
          <button
            data-testid="deleteButton1"
            style="cursor: pointer;"
            type="button"
          >
            <img
              alt="delete"
              src="delete.svg"
            />
          </button>
        </td>
      </tr>
      <tr>
        <td
          data-testid="foodTableName"
        >
          salmon
        </td>
        <td>
          <a
            class="c1"
            href="/food/222"
          >
            222
          </a>
        </td>
        <td>
          <li
            class="c2"
          >
            9th Apr
          </li>
        </td>
        <td>
          1
        </td>
        <td>
          <button
            data-testid="editButton"
            style="cursor: pointer; margin: 0px 1rem 0px 0px;"
            type="button"
          >
            <img
              alt="edit"
              src="edit.svg"
            />
          </button>
          <button
            data-testid="deleteButton2"
            style="cursor: pointer;"
            type="button"
          >
            <img
              alt="delete"
              src="delete.svg"
            />
          </button>
        </td>
      </tr>
      <tr>
        <td
          data-testid="foodTableName"
        >
          broccolli
        </td>
        <td>
          <a
            class="c1"
            href="/food/111"
          >
            111
          </a>
          <a
            class="c1"
            href="/food/333"
          >
            333
          </a>
        </td>
        <td>
          <li
            class="c2"
          >
            9th Apr
          </li>
        </td>
        <td>
          1
        </td>
        <td>
          <button
            data-testid="editButton"
            style="cursor: pointer; margin: 0px 1rem 0px 0px;"
            type="button"
          >
            <img
              alt="edit"
              src="edit.svg"
            />
          </button>
          <button
            data-testid="deleteButton3"
            style="cursor: pointer;"
            type="button"
          >
            <img
              alt="delete"
              src="delete.svg"
            />
          </button>
        </td>
      </tr>
    </tbody>
  </table>
</div>
`;
