// Jest Snapshot v1, https://goo.gl/fbAQLP

exports[`ChooseCategory component should render 1`] = `
.c4 {
  -webkit-align-items: center;
  -webkit-box-align: center;
  -ms-flex-align: center;
  align-items: center;
  background-color: white;
  border: 1px solid rgba(52,136,65,0.6);
  border-radius: 16px;
  cursor: pointer;
  display: -webkit-box;
  display: -webkit-flex;
  display: -ms-flexbox;
  display: flex;
  height: 115px;
  -webkit-box-pack: center;
  -webkit-justify-content: center;
  -ms-flex-pack: center;
  justify-content: center;
  -webkit-transition: all 0.3s ease 0s;
  transition: all 0.3s ease 0s;
  width: 144px;
}

.c4:hover {
  background-color: #348841;
}

.c5 {
  color: #348841;
  font-size: 18px;
}

.c3:hover .c5 {
  color: white;
}

.c0 {
  display: -webkit-box;
  display: -webkit-flex;
  display: -ms-flexbox;
  display: flex;
  -webkit-flex-direction: column;
  -ms-flex-direction: column;
  flex-direction: column;
  margin: 0 auto;
  width: -webkit-max-content;
  width: -moz-max-content;
  width: max-content;
}

.c1 {
  font-size: 1rem;
  font-weight: normal;
  margin: 0;
  padding: 0 0 1rem;
}

.c2 {
  display: grid;
  grid-gap: 24px;
  grid-template-columns: 1fr 1fr;
  width: -webkit-max-content;
  width: -moz-max-content;
  width: max-content;
}

<div
  class="c0"
  data-testid="chooseCategory"
>
  <h3
    class="c1"
  >
    What type of food?
  </h3>
  <div
    class="c2"
  >
    <button
      class="c3 c4"
      data-testid="vegetablesCategoryButton"
      type="button"
    >
      <p
        class="c5"
      >
        Vegetables
      </p>
    </button>
    <button
      class="c3 c4"
      data-testid="fruitCategoryButton"
      type="button"
    >
      <p
        class="c5"
      >
        Fruit
      </p>
    </button>
    <button
      class="c3 c4"
      data-testid="dairyCategoryButton"
      type="button"
    >
      <p
        class="c5"
      >
        Dairy
      </p>
    </button>
    <button
      class="c3 c4"
      data-testid="meatCategoryButton"
      type="button"
    >
      <p
        class="c5"
      >
        Meat
      </p>
    </button>
    <button
      class="c3 c4"
      data-testid="fishCategoryButton"
      type="button"
    >
      <p
        class="c5"
      >
        Fish
      </p>
    </button>
    <button
      class="c3 c4"
      data-testid="[opened tin]CategoryButton"
      type="button"
    >
      <p
        class="c5"
      >
        [Opened Tin]
      </p>
    </button>
  </div>
</div>
`;
