// Jest Snapshot v1, https://goo.gl/fbAQLP

exports[`ChooseCategory component should render 1`] = `
.c0 {
  margin: 0;
  padding: 0 0 1.5rem;
  font-weight: normal;
}

.c1 {
  display: grid;
  grid-gap: 24px;
  grid-template-columns: 1fr 1fr;
  width: -webkit-max-content;
  width: -moz-max-content;
  width: max-content;
}

<div>
  <h3
    class="c0"
  >
    What type of food?
  </h3>
  <div
    class="c1"
  />
</div>
`;
