// Jest Snapshot v1, https://goo.gl/fbAQLP

exports[`Loading component should render 1`] = `
.c0 {
  -webkit-align-items: center;
  -webkit-box-align: center;
  -ms-flex-align: center;
  align-items: center;
  display: -webkit-box;
  display: -webkit-flex;
  display: -ms-flexbox;
  display: flex;
  height: calc(100vh - 100px);
  -webkit-box-pack: center;
  -webkit-justify-content: center;
  -ms-flex-pack: center;
  justify-content: center;
}

<div
  class="c0"
  data-testid="loading"
>
  <span
    class="css-0"
  >
    <span
      class="css-1nr7nfg"
    />
    <span
      class="css-52k0ew"
    />
    <span
      class="css-l6u9bm"
    />
    <span
      class="css-1gpo9io"
    />
    <span
      class="css-1yqps71"
    />
  </span>
</div>
`;
