// Jest Snapshot v1, https://goo.gl/fbAQLP

exports[`Loading component should render 1`] = `
.c0 {
  -webkit-align-items: center;
  -webkit-box-align: center;
  -ms-flex-align: center;
  align-items: center;
  display: -webkit-box;
  display: -webkit-flex;
  display: -ms-flexbox;
  display: flex;
  height: calc(100vh - 100px);
  -webkit-box-pack: center;
  -webkit-justify-content: center;
  -ms-flex-pack: center;
  justify-content: center;
}

<div
  class="c0"
  data-testid="loading"
>
  <div
    class="css-9ebb9a"
  >
    <div
      class="css-27lg9n"
    />
    <div
      class="css-sr5mcw"
    />
    <div
      class="css-1u9enze"
    />
    <div
      class="css-1r22dar"
    />
    <div
      class="css-10wmy8t"
    />
    <div
      class="css-15wz10t"
    />
  </div>
</div>
`;
