// Jest Snapshot v1, https://goo.gl/fbAQLP

exports[`FoodCard component should render 1`] = `
.c6 {
  display: -webkit-box;
  display: -webkit-flex;
  display: -ms-flexbox;
  display: flex;
  width: 60px;
}

.c7 {
  -webkit-animation: kKTezL 1.5s;
  animation: kKTezL 1.5s;
  fill: transparent;
  stroke-dasharray: 282.7433388230814;
  stroke-dashoffset: 254.46900494077323;
  stroke: red;
  stroke-linecap: round;
  stroke-width: 5;
}

.c8 {
  -webkit-dominant-baseline: middle;
  dominant-baseline: middle;
  font-size: 38px;
  text-anchor: middle;
}

.c9 {
  -webkit-dominant-baseline: middle;
  dominant-baseline: middle;
  font-size: 38px;
  text-anchor: middle;
  font-size: 20px;
}

.c0 {
  border: 1px solid rgba(52,136,65,0.2);
  border-radius: 10px;
  cursor: pointer;
  display: grid;
  grid-column-gap: 1.5rem;
  grid-template-columns: 1fr max-content max-content;
  max-width: 330px;
  min-width: 220px;
  padding: 1rem;
  width: 300px;
}

.c1 {
  font-size: 18px;
  margin: 0;
}

.c2 {
  color: #B2B2B2;
  font-size: 14px;
  margin: 4px 0 8px;
}

.c3 {
  -webkit-align-self: center;
  -ms-flex-item-align: center;
  align-self: center;
  border-radius: 50%;
  grid-row: 1 / 4;
  grid-column: 2 / 3;
  position: relative;
  left: 0px;
  width: 50px;
  z-index: 10;
}

.c4 {
  -webkit-align-items: center;
  -webkit-box-align: center;
  -ms-flex-align: center;
  align-items: center;
  display: -webkit-box;
  display: -webkit-flex;
  display: -ms-flexbox;
  display: flex;
}

.c5 {
  grid-column: 3 / 4;
  grid-row: 1 / 4;
  justify-self: end;
}

<div
  class="c0"
>
  <p
    class="c1"
  >
    Carrot
  </p>
  <p
    class="c2"
  >
    1st Jan
  </p>
  <img
    alt="food owner"
    class="c3"
  />
  <div
    class="c4"
  >
    <svg
      fill="none"
      height="8"
      style="margin: 0px 4px 0px 0px;"
      viewBox="0 0 8 8"
      width="8"
      xmlns="http://www.w3.org/2000/svg"
    >
      <circle
        cx="4"
        cy="4"
        fill="red"
        r="4"
      />
    </svg>
    <svg
      fill="none"
      height="8"
      style="margin: 0px 4px 0px 0px;"
      viewBox="0 0 8 8"
      width="8"
      xmlns="http://www.w3.org/2000/svg"
    >
      <circle
        cx="4"
        cy="4"
        fill="#FCBA3B"
        r="4"
      />
    </svg>
    <svg
      fill="none"
      height="8"
      style="margin: 0px 4px 0px 0px;"
      viewBox="0 0 8 8"
      width="8"
      xmlns="http://www.w3.org/2000/svg"
    >
      <circle
        cx="4"
        cy="4"
        fill="#FCBA3B"
        r="4"
      />
    </svg>
    <svg
      fill="none"
      height="8"
      style="margin: 0px 4px 0px 0px;"
      viewBox="0 0 8 8"
      width="8"
      xmlns="http://www.w3.org/2000/svg"
    >
      <circle
        cx="4"
        cy="4"
        fill="#348841"
        r="4"
      />
    </svg>
    <svg
      fill="none"
      height="8"
      style="margin: 0px 4px 0px 0px;"
      viewBox="0 0 8 8"
      width="8"
      xmlns="http://www.w3.org/2000/svg"
    >
      <circle
        cx="4"
        cy="4"
        fill="#348841"
        r="4"
      />
    </svg>
    <svg
      fill="none"
      height="8"
      style="margin: 0px 4px 0px 0px;"
      viewBox="0 0 8 8"
      width="8"
      xmlns="http://www.w3.org/2000/svg"
    >
      <circle
        cx="4"
        cy="4"
        fill="#348841"
        r="4"
      />
    </svg>
    <svg
      fill="none"
      height="8"
      style="margin: 0px 4px 0px 0px;"
      viewBox="0 0 8 8"
      width="8"
      xmlns="http://www.w3.org/2000/svg"
    >
      <circle
        cx="4"
        cy="4"
        fill="#348841"
        r="4"
      />
    </svg>
  </div>
  <div
    class="c5"
  >
    <div
      class="c6"
    >
      <svg
        height="100%"
        viewBox="0 0 100 100"
        width="100%"
      >
        <circle
          class="c7"
          color="red"
          cx="50"
          cy="50"
          r="45"
          transform="rotate(-90 50 50)"
        />
        <text
          class="c8"
          x="50%"
          y="42%"
        >
          0
        </text>
        <text
          class="c9"
          x="51%"
          y="70%"
        >
          day
          s
        </text>
      </svg>
    </div>
  </div>
</div>
`;
